// Jest Snapshot v1, https://goo.gl/fbAQLP

exports[`should render ExpenseListITem with expense 1`] = `
<div>
  <Link
    replace={false}
    to="/edit/qEtAP7D6Ja"
  >
    <h3>
      Gum
    </h3>
  </Link>
  <p>
    195
     - 
    0
  </p>
</div>
`;
